=== TriLock State Re-encoding: SCC classes AFTER re-encoding ===
O-SCC (#=17):
  O: ['GRANT_O_REG_3_']
  O: ['GRANT_REG_3_']
  O: ['GRANT_O_REG_1_']
  O: ['GRANT_REG_1_']
  O: ['GRANT_O_REG_2_']
  O: ['GRANT_REG_2_']
  O: ['GRANT_O_REG_0_']
  O: ['GRANT_REG_0_']
  O: ['FU4_REG']
  O: ['FU3_REG']
  O: ['RU3_REG']
  O: ['FU2_REG']
  O: ['FU1_REG']
  O: ['STATO_REG_1_']
  O: ['RU4_REG']
  O: ['RU1_REG']
  O: ['RU2_REG']
E-SCC (#=0):
M-SCC (#=4):
  M: ['CODA0_REG_1_', 'CODA1_REG_1_', 'CODA2_REG_1_', 'CODA3_REG_1_', 'EXTRA_R2', 'EXTRA_R5']
  M: ['CODA0_REG_2_', 'CODA1_REG_2_', 'CODA2_REG_2_', 'CODA3_REG_2_', 'EXTRA_R1', 'EXTRA_R4']
  M: ['CODA0_REG_0_', 'CODA1_REG_0_', 'CODA2_REG_0_', 'CODA3_REG_0_', 'EXTRA_R3']
  M: ['EXTRA_R0', 'STATO_REG_0_']

=== TriLock ES/EF Validation ===
{
  "PIs": 4,
  "KEY_PIs": 0,
  "POs": 4,
  "DFFs": 36,
  "extra_inserted": 6,
  "reencoded_pairs": 6,
  "ks": 3,
  "kf": 3,
  "alpha": 0.3,
  "correct_key_FC": 0.0,
  "wrong_key_avg_FC": 0.0025
}
Keyed locked bench written to: ./Trilock_ITC99//b03_trilock_keyed.bench
