=== TriLock State Re-encoding: SCC classes AFTER re-encoding ===
O-SCC (#=50):
  O: ['DATA_OUT_REG_3_']
  O: ['DATA_OUT_REG_5_']
  O: ['DATA_OUT_REG_4_']
  O: ['DATA_OUT_REG_1_']
  O: ['DATA_OUT_REG_6_']
  O: ['DATA_OUT_REG_2_']
  O: ['DATA_OUT_REG_7_']
  O: ['DATA_OUT_REG_0_']
  O: ['RMIN_REG_0_', 'RMIN_REG_1_', 'RMIN_REG_2_', 'RMIN_REG_3_', 'RMIN_REG_4_', 'RMIN_REG_5_', 'RMIN_REG_6_', 'RMIN_REG_7_']
  O: ['REG4_REG_2_']
  O: ['REG3_REG_2_']
  O: ['RLAST_REG_3_']
  O: ['REG4_REG_1_']
  O: ['REG3_REG_1_']
  O: ['REG4_REG_0_']
  O: ['REG3_REG_0_']
  O: ['REG2_REG_0_']
  O: ['REG1_REG_0_']
  O: ['REG4_REG_5_']
  O: ['RLAST_REG_6_']
  O: ['REG3_REG_5_']
  O: ['REG2_REG_1_']
  O: ['REG4_REG_3_']
  O: ['REG3_REG_3_']
  O: ['REG2_REG_3_']
  O: ['REG1_REG_3_']
  O: ['REG4_REG_7_']
  O: ['REG3_REG_7_']
  O: ['RLAST_REG_0_']
  O: ['REG2_REG_7_']
  O: ['REG1_REG_7_']
  O: ['RLAST_REG_4_']
  O: ['REG1_REG_1_']
  O: ['REG2_REG_5_']
  O: ['REG1_REG_5_']
  O: ['REG4_REG_6_']
  O: ['REG4_REG_4_']
  O: ['REG3_REG_4_']
  O: ['REG2_REG_4_']
  O: ['REG1_REG_4_']
  O: ['REG2_REG_2_']
  O: ['REG3_REG_6_']
  O: ['REG2_REG_6_']
  O: ['RLAST_REG_5_']
  O: ['REG1_REG_6_']
  O: ['RLAST_REG_1_']
  O: ['RLAST_REG_2_']
  O: ['RLAST_REG_7_']
  O: ['REG1_REG_2_']
  O: ['STATO_REG_0_', 'STATO_REG_1_']
E-SCC (#=0):
M-SCC (#=1):
  M: ['EXTRA_R0', 'EXTRA_R1', 'EXTRA_R2', 'EXTRA_R3', 'EXTRA_R4', 'EXTRA_R5', 'RMAX_REG_0_', 'RMAX_REG_1_', 'RMAX_REG_2_', 'RMAX_REG_3_', 'RMAX_REG_4_', 'RMAX_REG_5_', 'RMAX_REG_6_', 'RMAX_REG_7_']

=== TriLock ES/EF Validation ===
{
  "PIs": 11,
  "KEY_PIs": 0,
  "POs": 8,
  "DFFs": 72,
  "extra_inserted": 6,
  "reencoded_pairs": 6,
  "ks": 3,
  "kf": 3,
  "alpha": 0.3,
  "correct_key_FC": 0.0,
  "wrong_key_avg_FC": 0.49499999999999994
}
Keyed locked bench written to: ./Trilock_ITC99//b04_trilock_keyed.bench
