=== TriLock State Re-encoding: SCC classes AFTER re-encoding ===
O-SCC (#=4):
  O: ['Y_REG']
  O: ['D_OUT_REG_0_']
  O: ['D_OUT_REG_1_']
  O: ['D_OUT_REG_2_']
E-SCC (#=0):
M-SCC (#=6):
  M: ['D_OUT_REG_3_', 'EXTRA_R5']
  M: ['D_OUT_REG_4_', 'EXTRA_R4']
  M: ['D_OUT_REG_5_', 'EXTRA_R3']
  M: ['D_OUT_REG_6_', 'EXTRA_R2']
  M: ['D_OUT_REG_7_', 'EXTRA_R1']
  M: ['D_IN_REG_0_', 'D_IN_REG_1_', 'D_IN_REG_2_', 'D_IN_REG_3_', 'D_IN_REG_4_', 'D_IN_REG_5_', 'D_IN_REG_6_', 'D_IN_REG_7_', 'D_IN_REG_8_', 'EXTRA_R0', 'OLD_REG_0_', 'OLD_REG_1_', 'OLD_REG_2_', 'OLD_REG_3_', 'OLD_REG_4_', 'OLD_REG_5_', 'OLD_REG_6_', 'OLD_REG_7_', 'STATO_REG_0_', 'STATO_REG_1_']

=== TriLock ES/EF Validation ===
{
  "PIs": 1,
  "KEY_PIs": 0,
  "POs": 1,
  "DFFs": 34,
  "extra_inserted": 6,
  "reencoded_pairs": 6,
  "ks": 3,
  "kf": 3,
  "alpha": 0.3,
  "correct_key_FC": 0.0,
  "wrong_key_avg_FC": 0.10666666666666667
}
Keyed locked bench written to: ./Trilock_ITC99//b09_trilock_keyed.bench
