=== TriLock State Re-encoding: SCC classes AFTER re-encoding ===
O-SCC (#=0):
E-SCC (#=0):
M-SCC (#=1):
  M: ['EXTRA_R0', 'EXTRA_R1', 'EXTRA_R2', 'EXTRA_R3', 'EXTRA_R4', 'EXTRA_R5', 'v10', 'v11', 'v12', 'v7', 'v8', 'v9']

=== TriLock ES/EF Validation ===
{
  "PIs": 8,
  "KEY_PIs": 0,
  "POs": 19,
  "DFFs": 12,
  "extra_inserted": 6,
  "reencoded_pairs": 6,
  "ks": 3,
  "kf": 3,
  "alpha": 0.3,
  "correct_key_FC": 0.0,
  "wrong_key_avg_FC": 0.08750000000000001
}
Keyed locked bench written to: ./Trilock_ISCAS89//s1488_trilock_keyed.bench
