=== TriLock State Re-encoding: SCC classes AFTER re-encoding ===
O-SCC (#=1722):
  O: ['WX8645']
  O: ['WX2130']
  O: ['WX3073']
  O: ['WX2038']
  O: ['WX7198']
  O: ['WX7290']
  O: ['WX11207']
  O: ['WX1938']
  O: ['WX5975']
  O: ['WX3337']
  O: ['WX8487']
  O: ['WX2158']
  O: ['WX3341']
  O: ['WX5901']
  O: ['WX11171']
  O: ['CRC_OUT_5_3']
  O: ['CRC_OUT_7_25']
  O: ['WX4622']
  O: ['WX11121']
  O: ['WX4710']
  O: ['WX7174']
  O: ['CRC_OUT_1_1']
  O: ['WX9872']
  O: ['WX5983']
  O: ['WX7358']
  O: ['WX8607']
  O: ['WX4714']
  O: ['WX10855']
  O: ['CRC_OUT_1_16']
  O: ['WX10857']
  O: ['WX9538']
  O: ['CRC_OUT_3_27']
  O: ['WX7220']
  O: ['WX9578']
  O: ['WX3383']
  O: ['WX9924']
  O: ['WX9902']
  O: ['WX8639']
  O: ['WX8545']
  O: ['CRC_OUT_9_5']
  O: ['WX4592']
  O: ['WX11019']
  O: ['WX3239']
  O: ['WX5851']
  O: ['WX4702']
  O: ['WX4536']
  O: ['WX9922']
  O: ['WX11193']
  O: ['WX4404']
  O: ['WX9712']
  O: ['WX9734']
  O: ['WX11135']
  O: ['WX4544']
  O: ['WX4386']
  O: ['WX1786']
  O: ['WX1992']
  O: ['WX3319']
  O: ['WX3105']
  O: ['WX10865']
  O: ['WX719']
  O: ['WX9916']
  O: ['WX5885']
  O: ['CRC_OUT_2_21']
  O: ['CRC_OUT_6_23']
  O: ['CRC_OUT_7_15']
  O: ['WX695']
  O: ['WX6962']
  O: ['WX7236']
  O: ['WX4664']
  O: ['WX705']
  O: ['WX6009']
  O: ['WX7228']
  O: ['WX10859']
  O: ['WX7146']
  O: ['WX6984']
  O: ['WX4526']
  O: ['CRC_OUT_1_0']
  O: ['CRC_OUT_7_16']
  O: ['WX9840']
  O: ['WX4546']
  O: ['WX517']
  O: ['WX2166']
  O: ['WX7246']
  O: ['WX7010']
  O: ['WX3251']
  O: ['WX5817']
  O: ['WX805']
  O: ['WX3097']
  O: ['WX869']
  O: ['WX2192']
  O: ['WX5713']
  O: ['WX7340']
  O: ['WX11053']
  O: ['WX9788']
  O: ['WX9942']
  O: ['WX5897']
  O: ['WX7354']
  O: ['CRC_OUT_9_21']
  O: ['WX4744']
  O: ['CRC_OUT_3_18']
  O: ['WX1984']
  O: ['WX745']
  O: ['WX7318']
  O: ['WX5827']
  O: ['WX3231']
  O: ['WX9852']
  O: ['WX3451']
  O: ['WX1780']
  O: ['WX5693']
  O: ['WX8267']
  O: ['WX6994']
  O: ['WX8413']
  O: ['WX797']
  O: ['CRC_OUT_6_1']
  O: ['CRC_OUT_8_22']
  O: ['WX6017']
  O: ['WX2148']
  O: ['CRC_OUT_1_17']
  O: ['WX4412']
  O: ['WX11139']
  O: ['WX4650']
  O: ['WX8583']
  O: ['WX9904']
  O: ['WX3279']
  O: ['WX9816']
  O: ['WX509']
  O: ['WX7344']
  O: ['WX3315']
  O: ['WX3343']
  O: ['WX7182']
  O: ['WX3307']
  O: ['WX10889']
  O: ['WX9868']
  O: ['WX8579']
  O: ['WX8609']
  O: ['WX3075']
  O: ['WX8635']
  O: ['WX9910']
  O: ['WX5863']
  O: ['WX2000']
  O: ['WX2056']
  O: ['WX851']
  O: ['WX8443']
  O: ['CRC_OUT_9_23']
  O: ['WX9874']
  O: ['WX11199']
  O: ['WX3465']
  O: ['CRC_OUT_1_9']
  O: ['WX529']
  O: ['WX5835']
  O: ['WX3425']
  O: ['WX3349']
  O: ['WX11071']
  O: ['WX11233']
  O: ['CRC_OUT_7_23']
  O: ['WX8637']
  O: ['WX2058']
  O: ['WX4590']
  O: ['WX9842']
  O: ['WX4390']
  O: ['WX9820']
  O: ['WX7148']
  O: ['WX8611']
  O: ['WX4614']
  O: ['WX11099']
  O: ['WX5833']
  O: ['WX8655']
  O: ['WX4730']
  O: ['CRC_OUT_9_11']
  O: ['CRC_OUT_5_29']
  O: ['WX11187']
  O: ['WX1798']
  O: ['WX3293']
  O: ['CRC_OUT_9_30']
  O: ['WX7158']
  O: ['CRC_OUT_8_14']
  O: ['WX9752']
  O: ['WX4676']
  O: ['CRC_OUT_8_31']
  O: ['WX3365']
  O: ['WX9566']
  O: ['WX2046']
  O: ['WX3245']
  O: ['WX8481']
  O: ['WX11027']
  O: ['CRC_OUT_1_31']
  O: ['WX5937']
  O: ['WX1838']
  O: ['CRC_OUT_1_7']
  O: ['WX9940']
  O: ['WX1800']
  O: ['WX11175']
  O: ['WX11041']
  O: ['WX5719']
  O: ['WX2072']
  O: ['WX5973']
  O: ['CRC_OUT_9_0']
  O: ['WX11189']
  O: ['WX9564']
  O: ['WX9576']
  O: ['WX2122']
  O: ['WX4724']
  O: ['WX765']
  O: ['WX7328']
  O: ['CRC_OUT_2_22']
  O: ['CRC_OUT_2_20']
  O: ['CRC_OUT_2_26']
  O: ['WX3411']
  O: ['CRC_OUT_2_24']
  O: ['WX11115']
  O: ['WX5825']
  O: ['WX9552']
  O: ['CRC_OUT_2_27']
  O: ['WX6013']
  O: ['WX3457']
  O: ['WX4562']
  O: ['WX8485']
  O: ['WX2008']
  O: ['CRC_OUT_1_5']
  O: ['CRC_OUT_4_19']
  O: ['CRC_OUT_9_24']
  O: ['WX659']
  O: ['WX9890']
  O: ['WX11159']
  O: ['WX11225']
  O: ['WX4668']
  O: ['CRC_OUT_2_28']
  O: ['WX7132']
  O: ['WX3429']
  O: ['WX3313']
  O: ['WX4626']
  O: ['WX8455']
  O: ['WX9756']
  O: ['CRC_OUT_2_18']
  O: ['WX2036']
  O: ['WX6049']
  O: ['WX5691']
  O: ['WX8537']
  O: ['WX4716']
  O: ['WX11043']
  O: ['CRC_OUT_7_21']
  O: ['WX11181']
  O: ['WX1958']
  O: ['WX787']
  O: ['WX3469']
  O: ['WX5717']
  O: ['CRC_OUT_3_5']
  O: ['CRC_OUT_7_18']
  O: ['WX751']
  O: ['WX8617']
  O: ['WX4608']
  O: ['WX8411']
  O: ['WX523']
  O: ['CRC_OUT_8_30']
  O: ['WX8553']
  O: ['WX11111']
  O: ['CRC_OUT_3_29']
  O: ['WX7234']
  O: ['CRC_OUT_5_18']
  O: ['WX3355']
  O: ['CRC_OUT_6_13']
  O: ['CRC_OUT_6_5']
  O: ['CRC_OUT_8_8']
  O: ['WX3237']
  O: ['WX1986']
  O: ['CRC_OUT_3_16']
  O: ['WX539']
  O: ['CRC_OUT_3_1']
  O: ['WX1832']
  O: ['WX8305']
  O: ['WX11201']
  O: ['CRC_OUT_8_28']
  O: ['WX9912']
  O: ['WX3247']
  O: ['WX11011']
  O: ['WX8265']
  O: ['WX8519']
  O: ['WX8569']
  O: ['WX9760']
  O: ['WX8593']
  O: ['WX4678']
  O: ['WX10877']
  O: ['WX8453']
  O: ['WX9938']
  O: ['CRC_OUT_1_12']
  O: ['WX9698']
  O: ['WX11131']
  O: ['WX8251']
  O: ['WX5661']
  O: ['WX759']
  O: ['WX9772']
  O: ['WX6970']
  O: ['CRC_OUT_5_11']
  O: ['WX5711']
  O: ['WX2142']
  O: ['WX7126']
  O: ['WX2082']
  O: ['WX11063']
  O: ['WX8255']
  O: ['WX8513']
  O: ['CRC_OUT_4_28']
  O: ['CRC_OUT_5_12']
  O: ['WX3321']
  O: ['CRC_OUT_2_23']
  O: ['WX3119']
  O: ['WX853']
  O: ['CRC_OUT_9_4']
  O: ['WX9580']
  O: ['WX7316']
  O: ['WX3419']
  O: ['WX11195']
  O: ['WX5687']
  O: ['WX1816']
  O: ['WX3385']
  O: ['WX11229']
  O: ['WX4654']
  O: ['WX5961']
  O: ['WX6071']
  O: ['WX811']
  O: ['WX2170']
  O: ['WX3393']
  O: ['WX10871']
  O: ['CRC_OUT_8_6']
  O: ['WX7264']
  O: ['WX3351']
  O: ['WX1970']
  O: ['WX3283']
  O: ['WX5685']
  O: ['WX9812']
  O: ['WX683']
  O: ['WX3413']
  O: ['WX7284']
  O: ['WX11005']
  O: ['WX739']
  O: ['CRC_OUT_7_3']
  O: ['WX11149']
  O: ['WX2176']
  O: ['WX5887']
  O: ['CRC_OUT_8_3']
  O: ['WX2164']
  O: ['WX11109']
  O: ['WX8405']
  O: ['WX2084']
  O: ['CRC_OUT_9_8']
  O: ['WX3443']
  O: ['CRC_OUT_6_2']
  O: ['WX8563']
  O: ['WX9710']
  O: ['WX2054']
  O: ['WX4540']
  O: ['WX505']
  O: ['WX3311']
  O: ['WX9876']
  O: ['WX709']
  O: ['WX4364']
  O: ['CRC_OUT_3_17']
  O: ['WX10993']
  O: ['WX10995']
  O: ['WX6956']
  O: ['WX11191']
  O: ['WX11137']
  O: ['WX8555']
  O: ['WX737']
  O: ['CRC_OUT_6_26']
  O: ['CRC_OUT_1_27']
  O: ['WX5869']
  O: ['WX5955']
  O: ['WX2074']
  O: ['WX2134']
  O: ['CRC_OUT_7_8']
  O: ['CRC_OUT_8_4']
  O: ['WX5985']
  O: ['WX873']
  O: ['WX7180']
  O: ['WX9862']
  O: ['WX8605']
  O: ['WX6982']
  O: ['WX8535']
  O: ['CRC_OUT_4_9']
  O: ['CRC_OUT_5_24']
  O: ['WX3473']
  O: ['CRC_OUT_4_1']
  O: ['CRC_OUT_4_15']
  O: ['WX779']
  O: ['WX10847']
  O: ['CRC_OUT_1_2']
  O: ['WX5877']
  O: ['WX7278']
  O: ['WX3133']
  O: ['WX8301']
  O: ['WX4416']
  O: ['CRC_OUT_4_0']
  O: ['WX4642']
  O: ['WX7282']
  O: ['WX8559']
  O: ['WX11155']
  O: ['WX3375']
  O: ['WX6043']
  O: ['WX6976']
  O: ['CRC_OUT_2_11']
  O: ['WX701']
  O: ['WX2030']
  O: ['WX11001']
  O: ['WX9592']
  O: ['WX6011']
  O: ['CRC_OUT_9_18']
  O: ['WX877']
  O: ['WX9570']
  O: ['WX7154']
  O: ['WX5999']
  O: ['WX7304']
  O: ['WX8257']
  O: ['WX11217']
  O: ['WX893']
  O: ['CRC_OUT_8_20']
  O: ['WX669']
  O: ['WX9702']
  O: ['WX3259']
  O: ['WX3277']
  O: ['CRC_OUT_5_20']
  O: ['WX6958']
  O: ['CRC_OUT_6_0']
  O: ['WX5707']
  O: ['WX3449']
  O: ['WX7150']
  O: ['WX7232']
  O: ['WX1802']
  O: ['WX4774']
  O: ['WX11061']
  O: ['WX3423']
  O: ['CRC_OUT_9_28']
  O: ['WX4556']
  O: ['WX7286']
  O: ['WX11203']
  O: ['WX829']
  O: ['CRC_OUT_7_30']
  O: ['WX6952']
  O: ['WX7364']
  O: ['CRC_OUT_4_12']
  O: ['WX9792']
  O: ['WX885']
  O: ['WX3325']
  O: ['WX6039']
  O: ['WX11073']
  O: ['WX7308']
  O: ['WX7114']
  O: ['WX7360']
  O: ['WX4596']
  O: ['WX2040']
  O: ['WX8261']
  O: ['CRC_OUT_7_24']
  O: ['WX8303']
  O: ['WX4646']
  O: ['WX6069']
  O: ['CRC_OUT_9_7']
  O: ['WX9898']
  O: ['CRC_OUT_2_0']
  O: ['WX1826']
  O: ['WX6047']
  O: ['WX831']
  O: ['WX5923']
  O: ['WX3371']
  O: ['CRC_OUT_8_12']
  O: ['WX2138']
  O: ['WX7194']
  O: ['WX8273']
  O: ['WX795']
  O: ['WX11013']
  O: ['WX3377']
  O: ['WX4638']
  O: ['WX4532']
  O: ['CRC_OUT_6_16']
  O: ['WX5829']
  O: ['WX11123']
  O: ['WX6059']
  O: ['WX4560']
  O: ['WX5819']
  O: ['WX3379']
  O: ['WX9546']
  O: ['CRC_OUT_3_12']
  O: ['WX8567']
  O: ['WX6992']
  O: ['WX3479']
  O: ['WX7216']
  O: ['CRC_OUT_9_20']
  O: ['WX5701']
  O: ['CRC_OUT_4_24']
  O: ['WX1788']
  O: ['WX8627']
  O: ['WX9594']
  O: ['CRC_OUT_8_5']
  O: ['CRC_OUT_4_2']
  O: ['WX4594']
  O: ['WX9844']
  O: ['WX5905']
  O: ['WX1988']
  O: ['WX7184']
  O: ['WX4662']
  O: ['WX3235']
  O: ['WX10875']
  O: ['WX2160']
  O: ['WX8603']
  O: ['WX11153']
  O: ['WX5947']
  O: ['WX7326']
  O: ['CRC_OUT_4_31']
  O: ['WX4696']
  O: ['CRC_OUT_5_7']
  O: ['WX9784']
  O: ['WX3405']
  O: ['WX11215']
  O: ['WX9920']
  O: ['WX8249']
  O: ['WX8425']
  O: ['WX3275']
  O: ['WX3359']
  O: ['WX2098']
  O: ['CRC_OUT_7_17']
  O: ['WX3267']
  O: ['WX2152']
  O: ['WX8527']
  O: ['WX537']
  O: ['WX511']
  O: ['WX4388']
  O: ['WX6029']
  O: ['WX8285']
  O: ['CRC_OUT_4_17']
  O: ['CRC_OUT_5_9']
  O: ['WX8431']
  O: ['WX9596']
  O: ['WX9574']
  O: ['WX4630']
  O: ['WX6988']
  O: ['WX681']
  O: ['WX9732']
  O: ['WX6067']
  O: ['WX9870']
  O: ['CRC_OUT_5_17']
  O: ['WX4704']
  O: ['WX5953']
  O: ['WX2066']
  O: ['WX889']
  O: ['WX2136']
  O: ['WX5845']
  O: ['WX8461']
  O: ['WX497']
  O: ['CRC_OUT_7_28']
  O: ['WX2188']
  O: ['WX8451']
  O: ['WX9892']
  O: ['CRC_OUT_3_20']
  O: ['WX4542']
  O: ['WX6041']
  O: ['WX10835']
  O: ['WX11079']
  O: ['WX3249']
  O: ['WX4366']
  O: ['WX3381']
  O: ['WX5677']
  O: ['WX819']
  O: ['WX5949']
  O: ['CRC_OUT_1_11']
  O: ['WX4568']
  O: ['CRC_OUT_2_29']
  O: ['WX11039']
  O: ['WX7012']
  O: ['WX9730']
  O: ['WX4770']
  O: ['WX7206']
  O: ['WX9796']
  O: ['WX9726']
  O: ['CRC_OUT_1_26']
  O: ['WX3427']
  O: ['WX7312']
  O: ['WX5935']
  O: ['WX767']
  O: ['WX675']
  O: ['WX723']
  O: ['WX689']
  O: ['WX11009']
  O: ['WX9598']
  O: ['WX2182']
  O: ['WX5971']
  O: ['WX667']
  O: ['WX713']
  O: ['WX6978']
  O: ['WX799']
  O: ['WX769']
  O: ['WX3331']
  O: ['WX3339']
  O: ['WX5671']
  O: ['WX8489']
  O: ['CRC_OUT_2_2']
  O: ['WX4604']
  O: ['WX663']
  O: ['WX8587']
  O: ['WX8281']
  O: ['WX647']
  O: ['WX817']
  O: ['CRC_OUT_6_8']
  O: ['WX9558']
  O: ['CRC_OUT_5_0']
  O: ['CRC_OUT_4_16']
  O: ['CRC_OUT_3_0']
  O: ['WX2018']
  O: ['WX3091']
  O: ['WX10839']
  O: ['WX8521']
  O: ['WX1824']
  O: ['WX5871']
  O: ['WX8291']
  O: ['CRC_OUT_5_10']
  O: ['WX11031']
  O: ['WX5899']
  O: ['WX5883']
  O: ['WX8263']
  O: ['WX3441']
  O: ['WX5841']
  O: ['WX2010']
  O: ['WX5705']
  O: ['WX1792']
  O: ['WX693']
  O: ['CRC_OUT_5_16']
  O: ['WX11161']
  O: ['WX11223']
  O: ['WX3281']
  O: ['WX5941']
  O: ['WX9822']
  O: ['WX2024']
  O: ['WX9742']
  O: ['WX1982']
  O: ['CRC_OUT_8_27']
  O: ['WX4624']
  O: ['WX9896']
  O: ['CRC_OUT_5_19']
  O: ['CRC_OUT_7_7']
  O: ['WX11015']
  O: ['WX8571']
  O: ['WX11045']
  O: ['CRC_OUT_8_2']
  O: ['WX9762']
  O: ['WX875']
  O: ['WX2184']
  O: ['WX3115']
  O: ['CRC_OUT_3_31']
  O: ['WX4766']
  O: ['WX4670']
  O: ['WX3387']
  O: ['WX6960']
  O: ['WX10885']
  O: ['WX7160']
  O: ['WX3447']
  O: ['CRC_OUT_2_7']
  O: ['WX4572']
  O: ['WX843']
  O: ['WX8469']
  O: ['CRC_OUT_6_14']
  O: ['CRC_OUT_9_15']
  O: ['WX5837']
  O: ['WX8647']
  O: ['CRC_OUT_5_14']
  O: ['WX11051']
  O: ['CRC_OUT_9_29']
  O: ['WX4422']
  O: ['CRC_OUT_8_1']
  O: ['WX4718']
  O: ['WX9790']
  O: ['WX1812']
  O: ['WX4698']
  O: ['CRC_OUT_1_6']
  O: ['WX2090']
  O: ['CRC_OUT_3_13']
  O: ['WX8475']
  O: ['WX6031']
  O: ['WX7164']
  O: ['CRC_OUT_4_20']
  O: ['WX3361']
  O: ['WX4778']
  O: ['WX4606']
  O: ['WX8619']
  O: ['WX10999']
  O: ['WX8531']
  O: ['CRC_OUT_8_10']
  O: ['WX7346']
  O: ['WX8643']
  O: ['CRC_OUT_8_11']
  O: ['WX777']
  O: ['WX4570']
  O: ['CRC_OUT_6_28']
  O: ['WX7348']
  O: ['CRC_OUT_7_13']
  O: ['WX2144']
  O: ['WX9824']
  O: ['WX4414']
  O: ['WX7222']
  O: ['WX9798']
  O: ['WX9802']
  O: ['WX9774']
  O: ['WX7178']
  O: ['CRC_OUT_2_4']
  O: ['WX4372']
  O: ['WX857']
  O: ['WX5921']
  O: ['WX1836']
  O: ['WX5823']
  O: ['WX2050']
  O: ['WX4552']
  O: ['WX9550']
  O: ['WX3269']
  O: ['WX543']
  O: ['WX6045']
  O: ['WX8467']
  O: ['WX6954']
  O: ['WX6061']
  O: ['WX2110']
  O: ['WX5997']
  O: ['CRC_OUT_3_8']
  O: ['WX6027']
  O: ['WX8621']
  O: ['WX11105']
  O: ['WX2088']
  O: ['WX7288']
  O: ['WX9936']
  O: ['CRC_OUT_9_31']
  O: ['WX7248']
  O: ['WX4424']
  O: ['CRC_OUT_4_7']
  O: ['WX7112']
  O: ['CRC_OUT_8_21']
  O: ['WX881']
  O: ['CRC_OUT_6_15']
  O: ['WX6037']
  O: ['WX3131']
  O: ['WX6021']
  O: ['WX6057']
  O: ['WX7334']
  O: ['WX11097']
  O: ['WX9826']
  O: ['WX3485']
  O: ['CRC_OUT_5_13']
  O: ['WX11151']
  O: ['WX8585']
  O: ['WX4756']
  O: ['WX2060']
  O: ['WX687']
  O: ['WX645']
  O: ['WX7322']
  O: ['WX1950']
  O: ['WX9706']
  O: ['WX649']
  O: ['WX4700']
  O: ['WX11083']
  O: ['WX2076']
  O: ['WX2150']
  O: ['WX513']
  O: ['WX3415']
  O: ['WX4420']
  O: ['WX11167']
  O: ['CRC_OUT_7_6']
  O: ['WX4772']
  O: ['WX6986']
  O: ['WX3463']
  O: ['WX887']
  O: ['WX9748']
  O: ['WX7244']
  O: ['WX8539']
  O: ['WX10997']
  O: ['WX4680']
  O: ['WX8449']
  O: ['WX8577']
  O: ['WX9720']
  O: ['WX657']
  O: ['WX1944']
  O: ['WX1952']
  O: ['WX1940']
  O: ['CRC_OUT_3_15']
  O: ['WX9880']
  O: ['WX533']
  O: ['WX4408']
  O: ['WX4636']
  O: ['CRC_OUT_6_20']
  O: ['WX2114']
  O: ['WX11095']
  O: ['WX8623']
  O: ['WX515']
  O: ['WX6007']
  O: ['WX1976']
  O: ['CRC_OUT_9_16']
  O: ['WX7294']
  O: ['WX7296']
  O: ['WX5939']
  O: ['WX8523']
  O: ['WX7156']
  O: ['CRC_OUT_7_10']
  O: ['WX8613']
  O: ['WX7162']
  O: ['CRC_OUT_4_30']
  O: ['WX785']
  O: ['WX8651']
  O: ['WX2100']
  O: ['WX4746']
  O: ['WX9850']
  O: ['WX9764']
  O: ['WX9854']
  O: ['WX4748']
  O: ['WX825']
  O: ['CRC_OUT_3_23']
  O: ['WX9766']
  O: ['WX499']
  O: ['WX3475']
  O: ['WX9836']
  O: ['WX3431']
  O: ['WX8295']
  O: ['WX2186']
  O: ['CRC_OUT_5_1']
  O: ['WX9894']
  O: ['CRC_OUT_8_26']
  O: ['CRC_OUT_7_12']
  O: ['CRC_OUT_5_21']
  O: ['WX8427']
  O: ['WX4738']
  O: ['WX11205']
  O: ['WX8549']
  O: ['WX4426']
  O: ['CRC_OUT_6_22']
  O: ['WX4688']
  O: ['WX9776']
  O: ['CRC_OUT_6_4']
  O: ['WX3459']
  O: ['WX697']
  O: ['CRC_OUT_2_12']
  O: ['WX803']
  O: ['WX6053']
  O: ['WX6974']
  O: ['WX4742']
  O: ['WX655']
  O: ['WX10829']
  O: ['CRC_OUT_6_29']
  O: ['WX2180']
  O: ['WX5893']
  O: ['WX8657']
  O: ['WX4382']
  O: ['WX8557']
  O: ['WX7306']
  O: ['WX8599']
  O: ['WX1794']
  O: ['WX8575']
  O: ['WX9536']
  O: ['WX6063']
  O: ['WX7110']
  O: ['WX1990']
  O: ['CRC_OUT_7_5']
  O: ['WX6023']
  O: ['WX1996']
  O: ['WX11133']
  O: ['WX7192']
  O: ['WX3103']
  O: ['WX771']
  O: ['CRC_OUT_9_3']
  O: ['CRC_OUT_8_16']
  O: ['WX8641']
  O: ['WX8495']
  O: ['CRC_OUT_3_6']
  O: ['CRC_OUT_2_17']
  O: ['WX9914']
  O: ['WX2132']
  O: ['WX5903']
  O: ['WX8283']
  O: ['CRC_OUT_6_9']
  O: ['WX9858']
  O: ['WX8457']
  O: ['WX5703']
  O: ['CRC_OUT_8_29']
  O: ['WX10887']
  O: ['WX727']
  O: ['CRC_OUT_2_1']
  O: ['WX2168']
  O: ['WX4586']
  O: ['WX7262']
  O: ['CRC_OUT_4_27']
  O: ['WX11059']
  O: ['WX3113']
  O: ['WX8423']
  O: ['WX10837']
  O: ['WX7352']
  O: ['WX9584']
  O: ['WX4750']
  O: ['WX7172']
  O: ['WX4566']
  O: ['WX4380']
  O: ['WX8581']
  O: ['CRC_OUT_5_5']
  O: ['CRC_OUT_2_6']
  O: ['CRC_OUT_2_31']
  O: ['WX9572']
  O: ['WX661']
  O: ['WX3433']
  O: ['WX7004']
  O: ['WX6065']
  O: ['WX5697']
  O: ['WX1834']
  O: ['WX7152']
  O: ['WX2048']
  O: ['WX4666']
  O: ['WX673']
  O: ['WX9588']
  O: ['WX5891']
  O: ['WX11127']
  O: ['WX11213']
  O: ['WX5929']
  O: ['WX3421']
  O: ['WX8447']
  O: ['WX9830']
  O: ['WX5669']
  O: ['WX5831']
  O: ['WX8625']
  O: ['CRC_OUT_1_14']
  O: ['CRC_OUT_8_17']
  O: ['WX653']
  O: ['CRC_OUT_5_6']
  O: ['WX7144']
  O: ['WX4558']
  O: ['CRC_OUT_8_25']
  O: ['WX2156']
  O: ['WX3111']
  O: ['WX8615']
  O: ['WX1998']
  O: ['WX731']
  O: ['WX11033']
  O: ['CRC_OUT_9_26']
  O: ['WX749']
  O: ['WX4672']
  O: ['WX867']
  O: ['WX7276']
  O: ['WX5821']
  O: ['WX3369']
  O: ['WX11087']
  O: ['WX11081']
  O: ['WX3287']
  O: ['WX11085']
  O: ['WX4652']
  O: ['WX3127']
  O: ['WX5855']
  O: ['WX11143']
  O: ['WX4764']
  O: ['WX7254']
  O: ['WX4658']
  O: ['WX897']
  O: ['WX4534']
  O: ['WX4674']
  O: ['WX9700']
  O: ['CRC_OUT_2_3']
  O: ['WX9856']
  O: ['WX7168']
  O: ['WX9882']
  O: ['WX3453']
  O: ['WX2034']
  O: ['WX837']
  O: ['WX7302']
  O: ['WX4524']
  O: ['CRC_OUT_4_4']
  O: ['WX11179']
  O: ['WX3123']
  O: ['WX729']
  O: ['WX3367']
  O: ['WX4620']
  O: ['WX3407']
  O: ['WX6990']
  O: ['WX9944']
  O: ['WX8533']
  O: ['WX2014']
  O: ['WX2128']
  O: ['WX8591']
  O: ['WX9948']
  O: ['WX5957']
  O: ['CRC_OUT_2_30']
  O: ['WX5873']
  O: ['WX4402']
  O: ['CRC_OUT_6_3']
  O: ['WX5673']
  O: ['WX11113']
  O: ['CRC_OUT_1_29']
  O: ['WX9864']
  O: ['WX11047']
  O: ['WX10869']
  O: ['WX2026']
  O: ['WX3087']
  O: ['WX1962']
  O: ['WX8439']
  O: ['CRC_OUT_6_12']
  O: ['WX8471']
  O: ['WX3109']
  O: ['WX7272']
  O: ['WX8437']
  O: ['WX5843']
  O: ['WX741']
  O: ['WX665']
  O: ['WX8629']
  O: ['WX4400']
  O: ['WX7000']
  O: ['CRC_OUT_4_26']
  O: ['WX3373']
  O: ['WX9722']
  O: ['WX1968']
  O: ['WX5715']
  O: ['WX3435']
  O: ['WX7116']
  O: ['WX7140']
  O: ['WX10881']
  O: ['WX5943']
  O: ['WX3101']
  O: ['WX7330']
  O: ['WX6966']
  O: ['WX8269']
  O: ['WX10851']
  O: ['WX823']
  O: ['WX3299']
  O: ['WX9754']
  O: ['WX3353']
  O: ['CRC_OUT_4_11']
  O: ['WX1814']
  O: ['WX3295']
  O: ['WX6055']
  O: ['WX7226']
  O: ['WX9884']
  O: ['WX2104']
  O: ['WX5889']
  O: ['WX8499']
  O: ['WX7362']
  O: ['WX4708']
  O: ['CRC_OUT_6_17']
  O: ['WX5963']
  O: ['WX6005']
  O: ['WX9590']
  O: ['WX815']
  O: ['WX9866']
  O: ['WX7218']
  O: ['WX8497']
  O: ['WX3333']
  O: ['WX4610']
  O: ['WX8271']
  O: ['WX9736']
  O: ['WX11165']
  O: ['WX8247']
  O: ['WX541']
  O: ['WX11035']
  O: ['WX8245']
  O: ['WX1830']
  O: ['WX3071']
  O: ['WX7252']
  O: ['CRC_OUT_2_5']
  O: ['WX9838']
  O: ['WX7170']
  O: ['WX9738']
  O: ['WX899']
  O: ['WX9908']
  O: ['WX5991']
  O: ['WX4548']
  O: ['WX5867']
  O: ['WX9918']
  O: ['CRC_OUT_4_6']
  O: ['WX8417']
  O: ['WX10879']
  O: ['WX1972']
  O: ['WX5917']
  O: ['CRC_OUT_3_7']
  O: ['WX757']
  O: ['WX9828']
  O: ['WX8595']
  O: ['WX3285']
  O: ['WX4722']
  O: ['WX4692']
  O: ['WX9728']
  O: ['WX8501']
  O: ['WX3117']
  O: ['CRC_OUT_1_23']
  O: ['WX4728']
  O: ['WX7324']
  O: ['CRC_OUT_6_7']
  O: ['WX3467']
  O: ['WX7342']
  O: ['WX7120']
  O: ['WX4410']
  O: ['WX5931']
  O: ['WX6996']
  O: ['WX2068']
  O: ['WX891']
  O: ['CRC_OUT_9_2']
  O: ['CRC_OUT_9_6']
  O: ['WX9560']
  O: ['WX5919']
  O: ['CRC_OUT_2_8']
  O: ['WX8445']
  O: ['WX3327']
  O: ['WX4564']
  O: ['CRC_OUT_2_10']
  O: ['WX7176']
  O: ['CRC_OUT_5_23']
  O: ['WX5865']
  O: ['WX9744']
  O: ['WX1810']
  O: ['WX9950']
  O: ['WX8253']
  O: ['WX10849']
  O: ['WX7166']
  O: ['WX3233']
  O: ['CRC_OUT_6_24']
  O: ['WX3397']
  O: ['WX7292']
  O: ['WX3439']
  O: ['WX1790']
  O: ['WX3335']
  O: ['WX4640']
  O: ['WX4554']
  O: ['CRC_OUT_9_12']
  O: ['WX835']
  O: ['WX9804']
  O: ['WX9888']
  O: ['WX3107']
  O: ['WX3363']
  O: ['WX9718']
  O: ['WX9878']
  O: ['WX2106']
  O: ['WX10841']
  O: ['CRC_OUT_6_27']
  O: ['CRC_OUT_9_9']
  O: ['WX10845']
  O: ['WX2012']
  O: ['WX11117']
  O: ['WX861']
  O: ['WX4602']
  O: ['CRC_OUT_3_3']
  O: ['WX1796']
  O: ['CRC_OUT_1_21']
  O: ['WX3263']
  O: ['WX3241']
  O: ['WX5675']
  O: ['WX10891']
  O: ['WX11243']
  O: ['WX7274']
  O: ['CRC_OUT_2_13']
  O: ['WX519']
  O: ['WX8259']
  O: ['WX10853']
  O: ['WX793']
  O: ['CRC_OUT_1_3']
  O: ['WX3461']
  O: ['WX715']
  O: ['WX9932']
  O: ['WX4528']
  O: ['CRC_OUT_9_27']
  O: ['WX3437']
  O: ['WX7008']
  O: ['WX9810']
  O: ['WX4694']
  O: ['WX7006']
  O: ['WX4406']
  O: ['CRC_OUT_4_22']
  O: ['WX4768']
  O: ['WX2042']
  O: ['WX4684']
  O: ['CRC_OUT_1_4']
  O: ['WX10867']
  O: ['WX4550']
  O: ['CRC_OUT_3_2']
  O: ['WX11173']
  O: ['CRC_OUT_4_8']
  O: ['WX7310']
  O: ['WX2140']
  O: ['WX3289']
  O: ['WX845']
  O: ['WX8649']
  O: ['CRC_OUT_4_10']
  O: ['WX3261']
  O: ['WX8299']
  O: ['CRC_OUT_7_19']
  O: ['CRC_OUT_9_1']
  O: ['WX5951']
  O: ['WX11197']
  O: ['CRC_OUT_7_2']
  O: ['WX5977']
  O: ['WX8435']
  O: ['WX8293']
  O: ['WX11089']
  O: ['WX9794']
  O: ['WX9930']
  O: ['WX8525']
  O: ['WX7124']
  O: ['WX4752']
  O: ['WX9544']
  O: ['WX2116']
  O: ['WX9750']
  O: ['WX6998']
  O: ['WX3445']
  O: ['WX4758']
  O: ['WX5695']
  O: ['WX5915']
  O: ['CRC_OUT_6_18']
  O: ['WX3305']
  O: ['WX9758']
  O: ['WX4644']
  O: ['CRC_OUT_8_19']
  O: ['WX725']
  O: ['WX839']
  O: ['WX8507']
  O: ['WX4600']
  O: ['WX3089']
  O: ['WX7204']
  O: ['CRC_OUT_6_19']
  O: ['WX735']
  O: ['WX1942']
  O: ['WX7122']
  O: ['WX9554']
  O: ['WX3297']
  O: ['CRC_OUT_3_25']
  O: ['CRC_OUT_6_11']
  O: ['WX5875']
  O: ['WX11125']
  O: ['WX699']
  O: ['CRC_OUT_6_25']
  O: ['WX1840']
  O: ['WX8491']
  O: ['WX3483']
  O: ['WX2062']
  O: ['WX11227']
  O: ['CRC_OUT_3_21']
  O: ['WX8409']
  O: ['WX2032']
  O: ['WX4690']
  O: ['CRC_OUT_5_15']
  O: ['WX5993']
  O: ['WX721']
  O: ['CRC_OUT_5_4']
  O: ['WX781']
  O: ['WX4574']
  O: ['CRC_OUT_4_14']
  O: ['WX11067']
  O: ['WX9568']
  O: ['WX3243']
  O: ['WX3083']
  O: ['WX3095']
  O: ['WX8493']
  O: ['WX3253']
  O: ['CRC_OUT_7_29']
  O: ['WX7212']
  O: ['WX9540']
  O: ['WX501']
  O: ['WX833']
  O: ['WX5987']
  O: ['CRC_OUT_6_6']
  O: ['WX2052']
  O: ['WX9704']
  O: ['WX1804']
  O: ['CRC_OUT_7_26']
  O: ['WX3395']
  O: ['WX2172']
  O: ['WX11237']
  O: ['CRC_OUT_2_16']
  O: ['WX11169']
  O: ['WX9770']
  O: ['WX753']
  O: ['WX4576']
  O: ['WX3399']
  O: ['CRC_OUT_3_30']
  O: ['CRC_OUT_3_11']
  O: ['WX9814']
  O: ['CRC_OUT_9_13']
  O: ['CRC_OUT_7_9']
  O: ['CRC_OUT_9_10']
  O: ['WX755']
  O: ['WX5859']
  O: ['WX7138']
  O: ['WX10863']
  O: ['WX4578']
  O: ['WX3265']
  O: ['CRC_OUT_7_27']
  O: ['WX5681']
  O: ['WX8415']
  O: ['WX9716']
  O: ['CRC_OUT_2_25']
  O: ['WX841']
  O: ['WX1966']
  O: ['WX8589']
  O: ['CRC_OUT_7_0']
  O: ['WX6968']
  O: ['WX4584']
  O: ['WX8561']
  O: ['WX1828']
  O: ['WX8243']
  O: ['WX8287']
  O: ['WX4776']
  O: ['WX9542']
  O: ['WX9768']
  O: ['WX883']
  O: ['CRC_OUT_1_30']
  O: ['WX10831']
  O: ['WX11221']
  O: ['CRC_OUT_7_20']
  O: ['WX9778']
  O: ['WX8459']
  O: ['WX7208']
  O: ['WX679']
  O: ['WX3323']
  O: ['WX4538']
  O: ['WX4374']
  O: ['WX2094']
  O: ['WX7200']
  O: ['WX7320']
  O: ['WX5909']
  O: ['WX9696']
  O: ['WX2108']
  O: ['CRC_OUT_5_28']
  O: ['CRC_OUT_1_8']
  O: ['WX8541']
  O: ['WX507']
  O: ['WX3401']
  O: ['WX521']
  O: ['WX6003']
  O: ['WX1820']
  O: ['WX5969']
  O: ['CRC_OUT_2_15']
  O: ['WX2044']
  O: ['CRC_OUT_3_22']
  O: ['CRC_OUT_1_10']
  O: ['WX4580']
  O: ['WX7268']
  O: ['WX4394']
  O: ['WX4618']
  O: ['CRC_OUT_1_24']
  O: ['WX8297']
  O: ['WX9928']
  O: ['WX11107']
  O: ['WX11037']
  O: ['WX4598']
  O: ['CRC_OUT_1_28']
  O: ['CRC_OUT_3_28']
  O: ['WX4712']
  O: ['WX5659']
  O: ['WX8597']
  O: ['WX9926']
  O: ['WX9818']
  O: ['WX7210']
  O: ['WX11141']
  O: ['WX847']
  O: ['WX1980']
  O: ['WX11101']
  O: ['WX4686']
  O: ['WX3481']
  O: ['WX9832']
  O: ['CRC_OUT_2_19']
  O: ['WX3291']
  O: ['WX3121']
  O: ['CRC_OUT_8_0']
  O: ['WX3309']
  O: ['WX5927']
  O: ['WX671']
  O: ['WX7128']
  O: ['WX4736']
  O: ['WX2154']
  O: ['WX8463']
  O: ['WX2190']
  O: ['WX5979']
  O: ['WX8573']
  O: ['WX2178']
  O: ['WX9886']
  O: ['WX1784']
  O: ['WX531']
  O: ['WX7356']
  O: ['WX5683']
  O: ['WX2002']
  O: ['WX2070']
  O: ['WX4726']
  O: ['WX783']
  O: ['WX6950']
  O: ['WX7266']
  O: ['WX8403']
  O: ['WX11241']
  O: ['CRC_OUT_1_20']
  O: ['WX4760']
  O: ['WX11021']
  O: ['WX6019']
  O: ['CRC_OUT_7_1']
  O: ['WX3403']
  O: ['WX3301']
  O: ['CRC_OUT_1_13']
  O: ['WX11007']
  O: ['WX5913']
  O: ['WX6001']
  O: ['WX7336']
  O: ['WX11075']
  O: ['WX8465']
  O: ['WX1964']
  O: ['WX809']
  O: ['WX3079']
  O: ['WX9586']
  O: ['WX8511']
  O: ['WX8517']
  O: ['WX7240']
  O: ['CRC_OUT_7_4']
  O: ['WX2146']
  O: ['WX1960']
  O: ['CRC_OUT_3_4']
  O: ['WX9806']
  O: ['WX9556']
  O: ['WX3093']
  O: ['WX2016']
  O: ['WX8601']
  O: ['WX2174']
  O: ['WX7196']
  O: ['WX6051']
  O: ['WX4754']
  O: ['WX5657']
  O: ['WX8547']
  O: ['WX3081']
  O: ['WX9946']
  O: ['WX11055']
  O: ['CRC_OUT_5_22']
  O: ['WX2102']
  O: ['WX11219']
  O: ['CRC_OUT_1_18']
  O: ['WX9846']
  O: ['WX11017']
  O: ['WX2020']
  O: ['WX4418']
  O: ['WX4628']
  O: ['WX10833']
  O: ['WX7270']
  O: ['WX11157']
  O: ['WX879']
  O: ['WX2006']
  O: ['WX7260']
  O: ['WX9548']
  O: ['WX8503']
  O: ['WX9782']
  O: ['CRC_OUT_3_9']
  O: ['WX747']
  O: ['WX11129']
  O: ['WX2118']
  O: ['WX2064']
  O: ['WX9860']
  O: ['WX3303']
  O: ['WX6035']
  O: ['CRC_OUT_8_23']
  O: ['WX863']
  O: ['WX3347']
  O: ['WX2028']
  O: ['WX855']
  O: ['WX8633']
  O: ['WX2022']
  O: ['WX1822']
  O: ['WX4740']
  O: ['WX7338']
  O: ['WX9848']
  O: ['WX3389']
  O: ['WX8477']
  O: ['WX791']
  O: ['WX807']
  O: ['WX4396']
  O: ['WX11235']
  O: ['WX1954']
  O: ['WX4734']
  O: ['CRC_OUT_5_26']
  O: ['WX7130']
  O: ['CRC_OUT_7_11']
  O: ['WX7250']
  O: ['WX5933']
  O: ['WX2120']
  O: ['CRC_OUT_7_22']
  O: ['WX545']
  O: ['WX5981']
  O: ['WX10861']
  O: ['WX5849']
  O: ['WX11103']
  O: ['CRC_OUT_4_29']
  O: ['WX5839']
  O: ['WX691']
  O: ['WX2096']
  O: ['WX5967']
  O: ['CRC_OUT_1_19']
  O: ['WX703']
  O: ['WX8565']
  O: ['WX7134']
  O: ['WX8421']
  O: ['WX6025']
  O: ['WX11093']
  O: ['WX7142']
  O: ['WX9834']
  O: ['WX11023']
  O: ['CRC_OUT_1_15']
  O: ['CRC_OUT_4_18']
  O: ['WX7190']
  O: ['WX5861']
  O: ['WX7136']
  O: ['WX733']
  O: ['WX775']
  O: ['WX8275']
  O: ['WX8505']
  O: ['WX3345']
  O: ['WX5689']
  O: ['WX4398']
  O: ['WX7256']
  O: ['WX4588']
  O: ['WX503']
  O: ['WX8551']
  O: ['WX11183']
  O: ['WX3455']
  O: ['CRC_OUT_7_14']
  O: ['WX3357']
  O: ['CRC_OUT_5_30']
  O: ['WX1818']
  O: ['WX4656']
  O: ['WX685']
  O: ['CRC_OUT_4_23']
  O: ['WX8289']
  O: ['WX11145']
  O: ['WX5853']
  O: ['WX4384']
  O: ['CRC_OUT_5_8']
  O: ['WX11057']
  O: ['WX5699']
  O: ['WX743']
  O: ['WX525']
  O: ['CRC_OUT_6_31']
  O: ['WX4616']
  O: ['WX6033']
  O: ['WX4706']
  O: ['WX1806']
  O: ['WX535']
  O: ['CRC_OUT_9_19']
  O: ['WX813']
  O: ['WX4582']
  O: ['WX1956']
  O: ['WX2112']
  O: ['WX3391']
  O: ['WX5857']
  O: ['WX3255']
  O: ['WX8515']
  O: ['WX11003']
  O: ['WX2086']
  O: ['WX11069']
  O: ['CRC_OUT_8_7']
  O: ['WX3271']
  O: ['WX3409']
  O: ['WX7258']
  O: ['WX1778']
  O: ['WX8631']
  O: ['WX8429']
  O: ['WX11185']
  O: ['WX7186']
  O: ['WX5665']
  O: ['CRC_OUT_3_26']
  O: ['WX2004']
  O: ['WX5667']
  O: ['WX4762']
  O: ['WX11239']
  O: ['WX7280']
  O: ['WX8419']
  O: ['WX5911']
  O: ['WX9934']
  O: ['CRC_OUT_5_27']
  O: ['WX895']
  O: ['WX4530']
  O: ['CRC_OUT_8_18']
  O: ['WX9724']
  O: ['WX4732']
  O: ['CRC_OUT_9_25']
  O: ['WX9714']
  O: ['WX547']
  O: ['WX7298']
  O: ['WX11211']
  O: ['WX8407']
  O: ['WX821']
  O: ['WX3099']
  O: ['WX4392']
  O: ['WX5881']
  O: ['CRC_OUT_6_21']
  O: ['WX9800']
  O: ['WX3317']
  O: ['WX4368']
  O: ['CRC_OUT_4_3']
  O: ['WX11209']
  O: ['CRC_OUT_5_25']
  O: ['WX1808']
  O: ['WX4378']
  O: ['CRC_OUT_3_19']
  O: ['CRC_OUT_8_13']
  O: ['WX711']
  O: ['WX7202']
  O: ['WX8433']
  O: ['WX527']
  O: ['CRC_OUT_4_25']
  O: ['WX8529']
  O: ['CRC_OUT_4_21']
  O: ['CRC_OUT_2_14']
  O: ['WX3129']
  O: ['WX4720']
  O: ['WX6980']
  O: ['WX8277']
  O: ['WX11065']
  O: ['WX5925']
  O: ['WX7118']
  O: ['WX3477']
  O: ['WX8473']
  O: ['WX11049']
  O: ['WX9582']
  O: ['CRC_OUT_5_31']
  O: ['WX8543']
  O: ['CRC_OUT_7_31']
  O: ['WX5895']
  O: ['WX10989']
  O: ['WX8653']
  O: ['CRC_OUT_8_15']
  O: ['WX11025']
  O: ['WX5959']
  O: ['CRC_OUT_9_22']
  O: ['WX3085']
  O: ['CRC_OUT_5_2']
  O: ['WX4682']
  O: ['CRC_OUT_1_22']
  O: ['WX11077']
  O: ['WX1974']
  O: ['WX7002']
  O: ['WX4648']
  O: ['CRC_OUT_1_25']
  O: ['WX651']
  O: ['CRC_OUT_4_5']
  O: ['WX3417']
  O: ['WX7214']
  O: ['WX865']
  O: ['WX3471']
  O: ['WX9900']
  O: ['WX2092']
  O: ['WX8509']
  O: ['WX7300']
  O: ['WX2124']
  O: ['WX5965']
  O: ['WX6964']
  O: ['CRC_OUT_4_13']
  O: ['WX871']
  O: ['WX7242']
  O: ['WX761']
  O: ['WX5679']
  O: ['WX11091']
  O: ['WX11177']
  O: ['WX11147']
  O: ['WX3273']
  O: ['CRC_OUT_8_9']
  O: ['CRC_OUT_2_9']
  O: ['WX8479']
  O: ['WX10873']
  O: ['WX5663']
  O: ['CRC_OUT_8_24']
  O: ['WX4370']
  O: ['WX7230']
  O: ['WX5995']
  O: ['WX5907']
  O: ['WX9906']
  O: ['WX5945']
  O: ['CRC_OUT_9_14']
  O: ['WX8483']
  O: ['WX2078']
  O: ['WX4632']
  O: ['WX4634']
  O: ['WX5709']
  O: ['WX11119']
  O: ['WX9786']
  O: ['WX7350']
  O: ['WX7238']
  O: ['WX10991']
  O: ['WX1782']
  O: ['WX3329']
  O: ['WX11231']
  O: ['WX8279']
  O: ['WX11029']
  O: ['CRC_OUT_3_14']
  O: ['WX7314']
  O: ['WX827']
  O: ['WX1948']
  O: ['WX9740']
  O: ['WX5879']
  O: ['WX773']
  O: ['WX9708']
  O: ['WX10843']
  O: ['WX789']
  O: ['WX1978']
  O: ['WX3125']
  O: ['WX849']
  O: ['WX1946']
  O: ['WX11163']
  O: ['WX4660']
  O: ['WX3077']
  O: ['WX8441']
  O: ['WX1994']
  O: ['WX707']
  O: ['WX6015']
  O: ['WX10883']
  O: ['WX4612']
  O: ['WX2162']
  O: ['WX801']
  O: ['WX9780']
  O: ['WX9808']
  O: ['CRC_OUT_6_10']
  O: ['WX5847']
  O: ['WX9746']
  O: ['WX2126']
  O: ['WX9562']
  O: ['WX2080']
  O: ['WX4376']
  O: ['CRC_OUT_3_10']
  O: ['WX717']
  O: ['WX763']
  O: ['WX7332']
  O: ['WX677']
  O: ['WX7188']
  O: ['WX5989']
  O: ['CRC_OUT_9_17']
  O: ['CRC_OUT_6_30']
  O: ['CRC_OUT_3_24']
  O: ['WX3257']
  O: ['WX859']
  O: ['WX7224']
  O: ['WX6972']
E-SCC (#=0):
M-SCC (#=6):
  M: ['EXTRA_R2', 'WX489']
  M: ['EXTRA_R1', 'WX487']
  M: ['EXTRA_R4', 'WX493']
  M: ['EXTRA_R3', 'WX491']
  M: ['EXTRA_R0', 'WX485']
  M: ['EXTRA_R5', 'WX495']

=== TriLock ES/EF Validation ===
{
  "PIs": 35,
  "KEY_PIs": 0,
  "POs": 320,
  "DFFs": 1734,
  "extra_inserted": 6,
  "reencoded_pairs": 6,
  "ks": 3,
  "kf": 3,
  "alpha": 0.3,
  "correct_key_FC": 0.0,
  "wrong_key_avg_FC": 0.49583333333333335
}
Keyed locked bench written to: ./Trilock_ISCAS89//s35932_trilock_keyed.bench
