=== TriLock State Re-encoding: SCC classes AFTER re-encoding ===
O-SCC (#=1630):
  O: ['g8']
  O: ['g144']
  O: ['g2364']
  O: ['g3028']
  O: ['g978']
  O: ['g977']
  O: ['g789']
  O: ['g1173']
  O: ['g1703']
  O: ['g3002']
  O: ['g3024']
  O: ['g2360']
  O: ['g361']
  O: ['g1545']
  O: ['g2232']
  O: ['g2342']
  O: ['g30']
  O: ['g2633']
  O: ['g2632']
  O: ['g3065']
  O: ['g485']
  O: ['g481']
  O: ['g474']
  O: ['g427']
  O: ['g2659']
  O: ['g3073']
  O: ['g1871']
  O: ['g1038']
  O: ['g986']
  O: ['g353']
  O: ['g1982']
  O: ['g488']
  O: ['g2237']
  O: ['g586']
  O: ['g2760']
  O: ['g608']
  O: ['g821']
  O: ['g972']
  O: ['g2257']
  O: ['g2258']
  O: ['g2256']
  O: ['g1081']
  O: ['g1700']
  O: ['g79']
  O: ['g3097']
  O: ['g1994']
  O: ['g1547']
  O: ['g2560']
  O: ['g2556']
  O: ['g2549']
  O: ['g3210']
  O: ['g1164']
  O: ['g1400']
  O: ['g279']
  O: ['g2878']
  O: ['g2106']
  O: ['g1148']
  O: ['g1988']
  O: ['g1832']
  O: ['g718']
  O: ['g983']
  O: ['g850']
  O: ['g548']
  O: ['g567']
  O: ['g566']
  O: ['g243']
  O: ['g550']
  O: ['g2327']
  O: ['g109']
  O: ['g2845']
  O: ['g2394']
  O: ['g45']
  O: ['g830']
  O: ['g1240']
  O: ['g2454']
  O: ['g2447']
  O: ['g1825']
  O: ['g3170']
  O: ['g2371']
  O: ['g1869']
  O: ['g1949']
  O: ['g1944']
  O: ['g1075']
  O: ['g1822']
  O: ['g2673']
  O: ['g2536']
  O: ['g1387']
  O: ['g2375']
  O: ['g1513']
  O: ['g1389']
  O: ['g2245']
  O: ['g153']
  O: ['g702']
  O: ['g2795']
  O: ['g162']
  O: ['g888']
  O: ['g1230']
  O: ['g1236']
  O: ['g767']
  O: ['g1924']
  O: ['g3091']
  O: ['g299']
  O: ['g957']
  O: ['g999']
  O: ['g408']
  O: ['g1319']
  O: ['g2879']
  O: ['g3108']
  O: ['g2775']
  O: ['g2647']
  O: ['g2646']
  O: ['g2270']
  O: ['g2110']
  O: ['g679']
  O: ['g398']
  O: ['g726']
  O: ['g381']
  O: ['g960']
  O: ['g1506']
  O: ['g3048']
  O: ['g1071']
  O: ['g2589']
  O: ['g3096']
  O: ['g1424']
  O: ['g1268']
  O: ['g1098']
  O: ['g11']
  O: ['g1550']
  O: ['g2309']
  O: ['g454']
  O: ['g2707']
  O: ['g945']
  O: ['g478']
  O: ['g2026']
  O: ['g1852']
  O: ['g2486']
  O: ['g2498']
  O: ['g2085']
  O: ['g451']
  O: ['g450']
  O: ['g2555']
  O: ['g2078']
  O: ['g915']
  O: ['g1186']
  O: ['g2568']
  O: ['g1237']
  O: ['g1231']
  O: ['g1285']
  O: ['g2356']
  O: ['g2740']
  O: ['g1011']
  O: ['g3134']
  O: ['g2530']
  O: ['g2102']
  O: ['g1404']
  O: ['g1866']
  O: ['g1862']
  O: ['g1003']
  O: ['g2788']
  O: ['g3120']
  O: ['g707']
  O: ['g2093']
  O: ['g573']
  O: ['g572']
  O: ['g1860']
  O: ['g3100']
  O: ['g134']
  O: ['g1951']
  O: ['g1037']
  O: ['g1910']
  O: ['g1834']
  O: ['g1899']
  O: ['g1603']
  O: ['g524']
  O: ['g1784']
  O: ['g705']
  O: ['g646']
  O: ['g1056']
  O: ['g2105']
  O: ['g2504']
  O: ['g2873']
  O: ['g2830']
  O: ['g1861']
  O: ['g2359']
  O: ['g2244']
  O: ['g1718']
  O: ['g1712']
  O: ['g2703']
  O: ['g2700']
  O: ['g2720']
  O: ['g484']
  O: ['g2593']
  O: ['g1167']
  O: ['g976']
  O: ['g975']
  O: ['g2606']
  O: ['g1618']
  O: ['g2900']
  O: ['g1448']
  O: ['g510']
  O: ['g3109']
  O: ['g3158']
  O: ['g2165']
  O: ['g1928']
  O: ['g2429']
  O: ['g453']
  O: ['g452']
  O: ['g714']
  O: ['g1385']
  O: ['g1830']
  O: ['g1868']
  O: ['g2397']
  O: ['g851']
  O: ['g2685']
  O: ['g617']
  O: ['g843']
  O: ['g3093']
  O: ['g852']
  O: ['g990']
  O: ['g785']
  O: ['g859']
  O: ['g728']
  O: ['g2246']
  O: ['g2516']
  O: ['g1570']
  O: ['g2528']
  O: ['g2527']
  O: ['g587']
  O: ['g426']
  O: ['g732']
  O: ['g2391']
  O: ['g2362']
  O: ['g2778']
  O: ['g1417']
  O: ['g283']
  O: ['g282']
  O: ['g273']
  O: ['g255']
  O: ['g1686']
  O: ['g1066']
  O: ['g1059']
  O: ['g951']
  O: ['g1874']
  O: ['g2306']
  O: ['g2780']
  O: ['g1416']
  O: ['g358']
  O: ['g420']
  O: ['g499']
  O: ['g549']
  O: ['g479']
  O: ['g2631']
  O: ['g1006']
  O: ['g672']
  O: ['g1939']
  O: ['g1905']
  O: ['g267']
  O: ['g2098']
  O: ['g3092']
  O: ['g2156']
  O: ['g1777']
  O: ['g1140']
  O: ['g1582']
  O: ['g739']
  O: ['g1172']
  O: ['g1168']
  O: ['g1161']
  O: ['g1526']
  O: ['g2997']
  O: ['g1615']
  O: ['g831']
  O: ['g2443']
  O: ['g3211']
  O: ['g1559']
  O: ['g3102']
  O: ['g464']
  O: ['g873']
  O: ['g2185']
  O: ['g856']
  O: ['g2250']
  O: ['g2639']
  O: ['g717']
  O: ['g1251']
  O: ['g2492']
  O: ['g291']
  O: ['g290']
  O: ['g542']
  O: ['g535']
  O: ['g1662']
  O: ['g1661']
  O: ['g185']
  O: ['g1104']
  O: ['g1591']
  O: ['g458']
  O: ['g429']
  O: ['g3139']
  O: ['g2599']
  O: ['g2594']
  O: ['g840']
  O: ['g1101']
  O: ['g1219']
  O: ['g2561']
  O: ['g1950']
  O: ['g2473']
  O: ['g125']
  O: ['g2833']
  O: ['g3072']
  O: ['g1930']
  O: ['g3095']
  O: ['g2917']
  O: ['g1537']
  O: ['g2142']
  O: ['g1563']
  O: ['g738']
  O: ['g1870']
  O: ['g1948']
  O: ['g1945']
  O: ['g841']
  O: ['g599']
  O: ['g2426']
  O: ['g2425']
  O: ['g2428']
  O: ['g2427']
  O: ['g379']
  O: ['g372']
  O: ['g2424']
  O: ['g2303']
  O: ['g368']
  O: ['g367']
  O: ['g1269']
  O: ['g3010']
  O: ['g3161']
  O: ['g2753']
  O: ['g1701']
  O: ['g725']
  O: ['g1775']
  O: ['g1739']
  O: ['g1090']
  O: ['g1095']
  O: ['g48']
  O: ['g3032']
  O: ['g1315']
  O: ['g1312']
  O: ['g2510']
  O: ['g303']
  O: ['g699']
  O: ['g351']
  O: ['g1001']
  O: ['g571']
  O: ['g570']
  O: ['g1959']
  O: ['g2588']
  O: ['g805']
  O: ['g2867']
  O: ['g1612']
  O: ['g316']
  O: ['g1083']
  O: ['g1082']
  O: ['g1554']
  O: ['g175']
  O: ['g264']
  O: ['g909']
  O: ['g1699']
  O: ['g383']
  O: ['g382']
  O: ['g2624']
  O: ['g933']
  O: ['g2990']
  O: ['g1813']
  O: ['g2992']
  O: ['g1439']
  O: ['g735']
  O: ['g252']
  O: ['g1282']
  O: ['g65']
  O: ['g1408']
  O: ['g733']
  O: ['g2962']
  O: ['g2392']
  O: ['g620']
  O: ['g1680']
  O: ['g1257']
  O: ['g2975']
  O: ['g864']
  O: ['g2658']
  O: ['g2383']
  O: ['g3147']
  O: ['g2792']
  O: ['g2783']
  O: ['g1776']
  O: ['g1166']
  O: ['g3188']
  O: ['g1228']
  O: ['g1221']
  O: ['g1214']
  O: ['g708']
  O: ['g1900']
  O: ['g1223']
  O: ['g2554']
  O: ['g1809']
  O: ['g2657']
  O: ['g2180']
  O: ['g131']
  O: ['g117']
  O: ['g1681']
  O: ['g1457']
  O: ['g42']
  O: ['g294']
  O: ['g1909']
  O: ['g2396']
  O: ['g133']
  O: ['g809']
  O: ['g2864']
  O: ['g581']
  O: ['g1957']
  O: ['g489']
  O: ['g568']
  O: ['g3064']
  O: ['g3126']
  O: ['g2195']
  O: ['g2805']
  O: ['g813']
  O: ['g471']
  O: ['g438']
  O: ['g1263']
  O: ['g1947']
  O: ['g2224']
  O: ['g1420']
  O: ['g1297']
  O: ['g1063']
  O: ['g1633']
  O: ['g845']
  O: ['g2124']
  O: ['g394']
  O: ['g2670']
  O: ['g1760']
  O: ['g1753']
  O: ['g2694']
  O: ['g2799']
  O: ['g1309']
  O: ['g2118']
  O: ['g1414']
  O: ['g842']
  O: ['g2546']
  O: ['g1639']
  O: ['g2101']
  O: ['g2241']
  O: ['g1782']
  O: ['g1786']
  O: ['g1326']
  O: ['g314']
  O: ['g1041']
  O: ['g113']
  O: ['g2133']
  O: ['g487']
  O: ['g1783']
  O: ['g165']
  O: ['g2581']
  O: ['g2318']
  O: ['g1670']
  O: ['g1669']
  O: ['g2291']
  O: ['g2611']
  O: ['g605']
  O: ['g2348']
  O: ['g2800']
  O: ['g2448']
  O: ['g213']
  O: ['g352']
  O: ['g1887']
  O: ['g776']
  O: ['g2471']
  O: ['g2470']
  O: ['g2417']
  O: ['g2220']
  O: ['g387']
  O: ['g1210']
  O: ['g1209']
  O: ['g1199']
  O: ['g3080']
  O: ['g2221']
  O: ['g2628']
  O: ['g1705']
  O: ['g1778']
  O: ['g1666']
  O: ['g1960']
  O: ['g1425']
  O: ['g2598']
  O: ['g2597']
  O: ['g2374']
  O: ['g2358']
  O: ['g2357']
  O: ['g1211']
  O: ['g1206']
  O: ['g2469']
  O: ['g92']
  O: ['g349']
  O: ['g1024']
  O: ['g1018']
  O: ['g1131']
  O: ['g1045']
  O: ['g3179']
  O: ['g1560']
  O: ['g2384']
  O: ['g580']
  O: ['g1542']
  O: ['g1600']
  O: ['g862']
  O: ['g1033']
  O: ['g36']
  O: ['g1088']
  O: ['g1092']
  O: ['g963']
  O: ['g2523']
  O: ['g559']
  O: ['g558']
  O: ['g989']
  O: ['g653']
  O: ['g1913']
  O: ['g2857']
  O: ['g2100']
  O: ['g2248']
  O: ['g1745']
  O: ['g822']
  O: ['g2092']
  O: ['g1388']
  O: ['g1567']
  O: ['g3046']
  O: ['g2734']
  O: ['g1558']
  O: ['g704']
  O: ['g3173']
  O: ['g1523']
  O: ['g1165']
  O: ['g2615']
  O: ['g2827']
  O: ['g2607']
  O: ['g281']
  O: ['g1966']
  O: ['g711']
  O: ['g2249']
  O: ['g3164']
  O: ['g178']
  O: ['g2896']
  O: ['g2963']
  O: ['g1894']
  O: ['g724']
  O: ['g2081']
  O: ['g3099']
  O: ['g749']
  O: ['g1528']
  O: ['g2300']
  O: ['g2211']
  O: ['g866']
  O: ['g1176']
  O: ['g1254']
  O: ['g1727']
  O: ['g376']
  O: ['g1807']
  O: ['g981']
  O: ['g2441']
  O: ['g2440']
  O: ['g706']
  O: ['g2774']
  O: ['g1645']
  O: ['g1466']
  O: ['g614']
  O: ['g3191']
  O: ['g2111']
  O: ['g1201']
  O: ['g736']
  O: ['g2117']
  O: ['g1732']
  O: ['g1731']
  O: ['g2924']
  O: ['g1538']
  O: ['g3075']
  O: ['g1194']
  O: ['g1391']
  O: ['g700']
  O: ['g1224']
  O: ['g1904']
  O: ['g1792']
  O: ['g2776']
  O: ['g1005']
  O: ['g2998']
  O: ['g2333']
  O: ['g2009']
  O: ['g222']
  O: ['g2495']
  O: ['g2170']
  O: ['g2046']
  O: ['g1426']
  O: ['g2439']
  O: ['g1177']
  O: ['g716']
  O: ['g1397']
  O: ['g1897']
  O: ['g164']
  O: ['g2285']
  O: ['g879']
  O: ['g982']
  O: ['g1398']
  O: ['g2107']
  O: ['g729']
  O: ['g2625']
  O: ['g2656']
  O: ['g1413']
  O: ['g3056']
  O: ['g2664']
  O: ['g1462']
  O: ['g1074']
  O: ['g323']
  O: ['g237']
  O: ['g240']
  O: ['g970']
  O: ['g969']
  O: ['g2109']
  O: ['g3124']
  O: ['g1273']
  O: ['g3045']
  O: ['g285']
  O: ['g2366']
  O: ['g2365']
  O: ['g1953']
  O: ['g1952']
  O: ['g1261']
  O: ['g709']
  O: ['g2507']
  O: ['g1749']
  O: ['g1748']
  O: ['g2147']
  O: ['g3104']
  O: ['g3043']
  O: ['g2564']
  O: ['g231']
  O: ['g1636']
  O: ['g577']
  O: ['g2354']
  O: ['g2267']
  O: ['g835']
  O: ['g659']
  O: ['g1229']
  O: ['g2798']
  O: ['g2273']
  O: ['g3083']
  O: ['g1704']
  O: ['g936']
  O: ['g14']
  O: ['g853']
  O: ['g2239']
  O: ['g1276']
  O: ['g1294']
  O: ['g2456']
  O: ['g2455']
  O: ['g2513']
  O: ['g531']
  O: ['g2094']
  O: ['g3136']
  O: ['g507']
  O: ['g1288']
  O: ['g3111']
  O: ['g2000']
  O: ['g27']
  O: ['g1002']
  O: ['g1828']
  O: ['g3006']
  O: ['g3101']
  O: ['g575']
  O: ['g2824']
  O: ['g1390']
  O: ['g2209']
  O: ['g992']
  O: ['g1245']
  O: ['g2432']
  O: ['g3107']
  O: ['g1515']
  O: ['g1138']
  O: ['g2920']
  O: ['g448']
  O: ['g2006']
  O: ['g1525']
  O: ['g61']
  O: ['g176']
  O: ['g995']
  O: ['g744']
  O: ['g2529']
  O: ['g2645']
  O: ['g2644']
  O: ['g2378']
  O: ['g411']
  O: ['g1403']
  O: ['g2938']
  O: ['g181']
  O: ['g182']
  O: ['g1552']
  O: ['g1070']
  O: ['g2790']
  O: ['g1877']
  O: ['g2033']
  O: ['g1200']
  O: ['g1412']
  O: ['g2478']
  O: ['g2810']
  O: ['g2935']
  O: ['g1419']
  O: ['g1682']
  O: ['g1192']
  O: ['g88']
  O: ['g2226']
  O: ['g441']
  O: ['g2519']
  O: ['g1122']
  O: ['g1836']
  O: ['g771']
  O: ['g2458']
  O: ['g2457']
  O: ['g1306']
  O: ['g1535']
  O: ['g758']
  O: ['g686']
  O: ['g163']
  O: ['g1765']
  O: ['g2372']
  O: ['g3070']
  O: ['g710']
  O: ['g727']
  O: ['g1517']
  O: ['g1520']
  O: ['g2986']
  O: ['g3040']
  O: ['g145']
  O: ['g666']
  O: ['g2321']
  O: ['g968']
  O: ['g967']
  O: ['g2981']
  O: ['g160']
  O: ['g2502']
  O: ['g525']
  O: ['g520']
  O: ['g1694']
  O: ['g2264']
  O: ['g135']
  O: ['g1690']
  O: ['g2651']
  O: ['g1136']
  O: ['g417']
  O: ['g219']
  O: ['g465']
  O: ['g287']
  O: ['g2395']
  O: ['g192']
  O: ['g2108']
  O: ['g1243']
  O: ['g988']
  O: ['g1012']
  O: ['g719']
  O: ['g1151']
  O: ['g2444']
  O: ['g1702']
  O: ['g2660']
  O: ['g2207']
  O: ['g207']
  O: ['g1195']
  O: ['g2653']
  O: ['g148']
  O: ['g1113']
  O: ['g308']
  O: ['g261']
  O: ['g477']
  O: ['g2160']
  O: ['g404']
  O: ['g1253']
  O: ['g1762']
  O: ['g2235']
  O: ['g1396']
  O: ['g1384']
  O: ['g2294']
  O: ['g105']
  O: ['g2796']
  O: ['g1527']
  O: ['g1588']
  O: ['g155']
  O: ['g455']
  O: ['g2648']
  O: ['g528']
  O: ['g150']
  O: ['g3066']
  O: ['g2993']
  O: ['g2848']
  O: ['g721']
  O: ['g342']
  O: ['g2345']
  O: ['g1392']
  O: ['g544']
  O: ['g543']
  O: ['g1769']
  O: ['g1911']
  O: ['g836']
  O: ['g1291']
  O: ['g2803']
  O: ['g3044']
  O: ['g3054']
  O: ['g2261']
  O: ['g2066']
  O: ['g1256']
  O: ['g3185']
  O: ['g849']
  O: ['g1365']
  O: ['g1912']
  O: ['g2013']
  O: ['g903']
  O: ['g234']
  O: ['g2282']
  O: ['g322']
  O: ['g701']
  O: ['g2227']
  O: ['g2804']
  O: ['g1055']
  O: ['g1764']
  O: ['g1768']
  O: ['g3053']
  O: ['g839']
  O: ['g629']
  O: ['g2087']
  O: ['g1859']
  O: ['g2175']
  O: ['g2944']
  O: ['g2412']
  O: ['g2406']
  O: ['g2400']
  O: ['g401']
  O: ['g1730']
  O: ['g1723']
  O: ['g1091']
  O: ['g1262']
  O: ['g1128']
  O: ['g1145']
  O: ['g3098']
  O: ['g396']
  O: ['g395']
  O: ['g576']
  O: ['g1742']
  O: ['g486']
  O: ['g2813']
  O: ['g569']
  O: ['g564']
  O: ['g1683']
  O: ['g2315']
  O: ['g1227']
  O: ['g3052']
  O: ['g246']
  O: ['g2806']
  O: ['g1476']
  O: ['g2552']
  O: ['g1259']
  O: ['g1000']
  O: ['g991']
  O: ['g1203']
  O: ['g1991']
  O: ['g2']
  O: ['g723']
  O: ['g315']
  O: ['g927']
  O: ['g270']
  O: ['g2088']
  O: ['g1036']
  O: ['g1029']
  O: ['g1678']
  O: ['g2116']
  O: ['g1539']
  O: ['g820']
  O: ['g3071']
  O: ['g1922']
  O: ['g2090']
  O: ['g20']
  O: ['g3176']
  O: ['g517']
  O: ['g1664']
  O: ['g557']
  O: ['g869']
  O: ['g870']
  O: ['g900']
  O: ['g2459']
  O: ['g3127']
  O: ['g2565']
  O: ['g537']
  O: ['g1696']
  O: ['g350']
  O: ['g1842']
  O: ['g863']
  O: ['g1215']
  O: ['g2086']
  O: ['g1010']
  O: ['g2912']
  O: ['g369']
  O: ['g844']
  O: ['g2462']
  O: ['g1888']
  O: ['g1372']
  O: ['g2297']
  O: ['g2208']
  O: ['g1119']
  O: ['g1135']
  O: ['g2363']
  O: ['g2200']
  O: ['g509']
  O: ['g1300']
  O: ['g1795']
  O: ['g2618']
  O: ['g2463']
  O: ['g1955']
  O: ['g1810']
  O: ['g660']
  O: ['g3094']
  O: ['g930']
  O: ['g2479']
  O: ['g1903']
  O: ['g971']
  O: ['g461']
  O: ['g157']
  O: ['g364']
  O: ['g97']
  O: ['g2336']
  O: ['g3058']
  O: ['g2451']
  O: ['g3060']
  O: ['g2083']
  O: ['g1660']
  O: ['g2503']
  O: ['g346']
  O: ['g1139']
  O: ['g2580']
  O: ['g3114']
  O: ['g2387']
  O: ['g3061']
  O: ['g39']
  O: ['g2339']
  O: ['g1564']
  O: ['g1562']
  O: ['g324']
  O: ['g516']
  O: ['g1867']
  O: ['g318']
  O: ['g2809']
  O: ['g1557']
  O: ['g2380']
  O: ['g906']
  O: ['g225']
  O: ['g2489']
  O: ['g2218']
  O: ['g1068']
  O: ['g1067']
  O: ['g319']
  O: ['g3063']
  O: ['g1202']
  O: ['g1642']
  O: ['g2789']
  O: ['g2861']
  O: ['g2773']
  O: ['g2733']
  O: ['g2571']
  O: ['g1654']
  O: ['g210']
  O: ['g2252']
  O: ['g2934']
  O: ['g894']
  O: ['g1536']
  O: ['g2229']
  O: ['g1585']
  O: ['g838']
  O: ['g1735']
  O: ['g1551']
  O: ['g1934']
  O: ['g1651']
  O: ['g948']
  O: ['g258']
  O: ['g1421']
  O: ['g630']
  O: ['g2691']
  O: ['g174']
  O: ['g1917']
  O: ['g1576']
  O: ['g1914']
  O: ['g1053']
  O: ['g793']
  O: ['g2821']
  O: ['g141']
  O: ['g1040']
  O: ['g289']
  O: ['g2522']
  O: ['g3077']
  O: ['g1395']
  O: ['g2617']
  O: ['g74']
  O: ['g2807']
  O: ['g1954']
  O: ['g354']
  O: ['g1218']
  O: ['g2236']
  O: ['g1896']
  O: ['g2608']
  O: ['g1204']
  O: ['g1672']
  O: ['g366']
  O: ['g365']
  O: ['g2874']
  O: ['g3207']
  O: ['g2941']
  O: ['g1706']
  O: ['g2079']
  O: ['g2746']
  O: ['g2477']
  O: ['g1561']
  O: ['g132']
  O: ['g1676']
  O: ['g2984']
  O: ['g1155']
  O: ['g1630']
  O: ['g2039']
  O: ['g3198']
  O: ['g2020']
  O: ['g3151']
  O: ['g2587']
  O: ['g3069']
  O: ['g801']
  O: ['g2870']
  O: ['g1255']
  O: ['g1250']
  O: ['g2978']
  O: ['g1265']
  O: ['g1976']
  O: ['g2802']
  O: ['g2727']
  O: ['g1260']
  O: ['g1663']
  O: ['g2908']
  O: ['g3078']
  O: ['g2234']
  O: ['g384']
  O: ['g1501']
  O: ['g797']
  O: ['g2818']
  O: ['g304']
  O: ['g1180']
  O: ['g2592']
  O: ['g530']
  O: ['g2214']
  O: ['g703']
  O: ['g860']
  O: ['g2605']
  O: ['g1540']
  O: ['g1849']
  O: ['g1430']
  O: ['g2641']
  O: ['g2688']
  O: ['g2654']
  O: ['g2562']
  O: ['g2533']
  O: ['g3110']
  O: ['g1394']
  O: ['g1923']
  O: ['g3074']
  O: ['g626']
  O: ['g2330']
  O: ['g3047']
  O: ['g428']
  O: ['g1004']
  O: ['g2052']
  O: ['g156']
  O: ['g585']
  O: ['g432']
  O: ['g2233']
  O: ['g321']
  O: ['g753']
  O: ['g161']
  O: ['g1915']
  O: ['g1908']
  O: ['g1435']
  O: ['g1668']
  O: ['g1667']
  O: ['g130']
  O: ['g1303']
  O: ['g987']
  O: ['g1358']
  O: ['g2119']
  O: ['g1405']
  O: ['g405']
  O: ['g2355']
  O: ['g2652']
  O: ['g2539']
  O: ['g554']
  O: ['g1089']
  O: ['g3128']
  O: ['g1052']
  O: ['g924']
  O: ['g2987']
  O: ['g2377']
  O: ['g1418']
  O: ['g2442']
  O: ['g2953']
  O: ['g142']
  O: ['g1671']
  O: ['g204']
  O: ['g388']
  O: ['g1804']
  O: ['g2612']
  O: ['g337']
  O: ['g974']
  O: ['g2903']
  O: ['g1009']
  O: ['g1553']
  O: ['g2616']
  O: ['g2609']
  O: ['g532']
  O: ['g2667']
  O: ['g2526']
  O: ['g1677']
  O: ['g996']
  O: ['g1937']
  O: ['g3086']
  O: ['g593']
  O: ['g2972']
  O: ['g848']
  O: ['g423']
  O: ['g1272']
  O: ['g1134']
  O: ['g1193']
  O: ['g70']
  O: ['g2892']
  O: ['g833']
  O: ['g2985']
  O: ['g170']
  O: ['g1698']
  O: ['g2398']
  O: ['g1734']
  O: ['g1733']
  O: ['g1973']
  O: ['g882']
  O: ['g1152']
  O: ['g1422']
  O: ['g837']
  O: ['g1965']
  O: ['g2010']
  O: ['g5']
  O: ['g2591']
  O: ['g2801']
  O: ['g189']
  O: ['g2388']
  O: ['g373']
  O: ['g1107']
  O: ['g1747']
  O: ['g1746']
  O: ['g536']
  O: ['g309']
  O: ['g2501']
  O: ['g1007']
  O: ['g2115']
  O: ['g1252']
  O: ['g1918']
  O: ['g2399']
  O: ['g2472']
  O: ['g1858']
  O: ['g2003']
  O: ['g2151']
  O: ['g921']
  O: ['g1665']
  O: ['g1931']
  O: ['g1925']
  O: ['g138']
  O: ['g973']
  O: ['g506']
  O: ['g2436']
  O: ['g1512']
  O: ['g1798']
  O: ['g1898']
  O: ['g2559']
  O: ['g1597']
  O: ['g3106']
  O: ['g3055']
  O: ['g1409']
  O: ['g1415']
  O: ['g2222']
  O: ['g1579']
  O: ['g692']
  O: ['g1779']
  O: ['g288']
  O: ['g1689']
  O: ['g2991']
  O: ['g523']
  O: ['g513']
  O: ['g1008']
  O: ['g173']
  O: ['g1555']
  O: ['g640']
  O: ['g3087']
  O: ['g1534']
  O: ['g514']
  O: ['g2113']
  O: ['g435']
  O: ['g1530']
  O: ['g1958']
  O: ['g912']
  O: ['g1648']
  O: ['g2650']
  O: ['g734']
  O: ['g1048']
  O: ['g1808']
  O: ['g1486']
  O: ['g2254']
  O: ['g715']
  O: ['g3135']
  O: ['g1695']
  O: ['g1078']
  O: ['g357']
  O: ['g1183']
  O: ['g3076']
  O: ['g3062']
  O: ['g2786']
  O: ['g780']
  O: ['g1890']
  O: ['g2929']
  O: ['g121']
  O: ['g2476']
  O: ['g737']
  O: ['g515']
  O: ['g834']
  O: ['g1763']
  O: ['g493']
  O: ['g1266']
  O: ['g1533']
  O: ['g1543']
  O: ['g480']
  O: ['g565']
  O: ['g2104']
  O: ['g713']
  O: ['g2480']
  O: ['g1961']
  O: ['g2640']
  O: ['g1624']
  O: ['g1724']
  O: ['g1444']
  O: ['g2433']
  O: ['g2553']
  O: ['g2279']
  O: ['g1332']
  O: ['g1085']
  O: ['g2793']
  O: ['g1829']
  O: ['g1679']
  O: ['g1967']
  O: ['g551']
  O: ['g545']
  O: ['g2238']
  O: ['g1938']
  O: ['g2772']
  O: ['g33']
  O: ['g1627']
  O: ['g1963']
  O: ['g3105']
  O: ['g490']
  O: ['g296']
  O: ['g2661']
  O: ['g3050']
  O: ['g447']
  O: ['g2582']
  O: ['g1346']
  O: ['g2784']
  O: ['g305']
  O: ['g1916']
  O: ['g2370']
  O: ['g897']
  O: ['g2089']
  O: ['g3068']
  O: ['g1171']
  O: ['g1846']
  O: ['g1845']
  O: ['g2858']
  O: ['g2956']
  O: ['g541']
  O: ['g891']
  O: ['g1831']
  O: ['g1205']
  O: ['g276']
  O: ['g2351']
  O: ['g2210']
  O: ['g2112']
  O: ['g83']
  O: ['g582']
  O: ['g1789']
  O: ['g1393']
  O: ['g2574']
  O: ['g2623']
  O: ['g52']
  O: ['g984']
  O: ['g1279']
  O: ['g2714']
  O: ['g2373']
  O: ['g2059']
  O: ['g1956']
  O: ['g508']
  O: ['g823']
  O: ['g826']
  O: ['g169']
  O: ['g3142']
  O: ['g2080']
  O: ['g201']
  O: ['g143']
  O: ['g1401']
  O: ['g2543']
  O: ['g857']
  O: ['g17']
  O: ['g730']
  O: ['g2697']
  O: ['g2877']
  O: ['g1833']
  O: ['g2604']
  O: ['g3155']
  O: ['g1921']
  O: ['g817']
  O: ['g380']
  O: ['g301']
  O: ['g1084']
  O: ['g284']
  O: ['g2808']
  O: ['g1069']
  O: ['g1693']
  O: ['g3167']
  O: ['g2854']
  O: ['g3117']
  O: ['g861']
  O: ['g2836']
  O: ['g712']
  O: ['g1757']
  O: ['g3036']
  O: ['g2369']
  O: ['g3194']
  O: ['g3123']
  O: ['g2781']
  O: ['g1772']
  O: ['g829']
  O: ['g2483']
  O: ['g1270']
  O: ['g2247']
  O: ['g2253']
  O: ['g1946']
  O: ['g2466']
  O: ['g1402']
  O: ['g2251']
  O: ['g1316']
  O: ['g2947']
  O: ['g1801']
  O: ['g168']
  O: ['g740']
  O: ['g2583']
  O: ['g154']
  O: ['g1524']
  O: ['g1685']
  O: ['g2704']
  O: ['g1819']
  O: ['g3133']
  O: ['g2217']
  O: ['g414']
  O: ['g1880']
  O: ['g1406']
  O: ['g1407']
  O: ['g574']
  O: ['g533']
  O: ['g2421']
  O: ['g2096']
  O: ['g1115']
  O: ['g885']
  O: ['g1125']
  O: ['g2072']
  O: ['g1054']
  O: ['g1142']
  O: ['g1264']
  O: ['g2679']
  O: ['g1051']
  O: ['g146']
  O: ['g2230']
  O: ['g2276']
  O: ['g313']
  O: ['g3129']
  O: ['g939']
  O: ['g2603']
  O: ['g152']
  O: ['g1481']
  O: ['g1352']
  O: ['g180']
  O: ['g2619']
  O: ['g2138']
  O: ['g1606']
  O: ['g3059']
  O: ['g1267']
  O: ['g1386']
  O: ['g2766']
  O: ['g1594']
  O: ['g1684']
  O: ['g1217']
  O: ['g101']
  O: ['g2851']
  O: ['g2095']
  O: ['g1378']
  O: ['g1220']
  O: ['g1979']
  O: ['g832']
  O: ['g1258']
  O: ['g1216']
  O: ['g186']
  O: ['g317']
  O: ['g2602']
  O: ['g297']
  O: ['g1889']
  O: ['g172']
  O: ['g280']
  O: ['g2379']
  O: ['g3084']
  O: ['g1496']
  O: ['g216']
  O: ['g633']
  O: ['g179']
  O: ['g249']
  O: ['g2812']
  O: ['g1410']
  O: ['g847']
  O: ['g1962']
  O: ['g302']
  O: ['g129']
  O: ['g579']
  O: ['g2540']
  O: ['g3088']
  O: ['g1754']
  O: ['g2225']
  O: ['g2393']
  O: ['g320']
  O: ['g2418']
  O: ['g2103']
  O: ['g2642']
  O: ['g159']
  O: ['g1621']
  O: ['g2643']
  O: ['g403']
  O: ['g876']
  O: ['g468']
  O: ['g942']
  O: ['g1697']
  O: ['g1970']
  O: ['g3112']
  O: ['g1471']
  O: ['g1839']
  O: ['g583']
  O: ['g720']
  O: ['g1339']
  O: ['g731']
  O: ['g2082']
  O: ['g2779']
  O: ['g518']
  O: ['g2255']
  O: ['g2312']
  O: ['g2787']
  O: ['g2930']
  O: ['g2676']
  O: ['g2638']
  O: ['g2114']
  O: ['g3085']
  O: ['g867']
  O: ['g1110']
  O: ['g1222']
  O: ['g2959']
  O: ['g2288']
  O: ['g2084']
  O: ['g2811']
  O: ['g2240']
  O: ['g295']
  O: ['g2361']
  O: ['g3051']
  O: ['g868']
  O: ['g449']
  O: ['g2622']
  O: ['g391']
  O: ['g578']
  O: ['g2376']
  O: ['g1514']
  O: ['g397']
  O: ['g538']
  O: ['g171']
  O: ['g343']
  O: ['g312']
  O: ['g3132']
  O: ['g23']
  O: ['g2966']
  O: ['g3013']
  O: ['g300']
  O: ['g1516']
  O: ['g198']
  O: ['g331']
  O: ['g325']
  O: ['g1964']
  O: ['g2590']
  O: ['g698']
  O: ['g286']
  O: ['g2390']
  O: ['g2097']
  O: ['g2324']
  O: ['g2190']
  O: ['g584']
  O: ['g3113']
  O: ['g1345']
  O: ['g1886']
  O: ['g966']
  O: ['g298']
  O: ['g1531']
  O: ['g1137']
  O: ['g1573']
  O: ['g26']
  O: ['g3079']
  O: ['g1491']
  O: ['g149']
  O: ['g2205']
  O: ['g1761']
  O: ['g3103']
  O: ['g3125']
  O: ['g1609']
  O: ['g1030']
  O: ['g1060']
  O: ['g2228']
  O: ['g3018']
  O: ['g865']
  O: ['g195']
  O: ['g762']
  O: ['g147']
  O: ['g2777']
  O: ['g1835']
  O: ['g1235']
  O: ['g2797']
  O: ['g1738']
  O: ['g2785']
  O: ['g1997']
  O: ['g858']
  O: ['g1675']
  O: ['g2584']
  O: ['g158']
  O: ['g2219']
  O: ['g2206']
  O: ['g1865']
  O: ['g402']
  O: ['g2839']
  O: ['g1893']
  O: ['g1234']
  O: ['g1556']
  O: ['g2682']
  O: ['g2091']
  O: ['g1657']
  O: ['g1511']
  O: ['g2231']
  O: ['g2842']
  O: ['g2791']
  O: ['g496']
  O: ['g1750']
  O: ['g2120']
  O: ['g444']
  O: ['g3201']
  O: ['g1529']
  O: ['g2389']
  O: ['g3049']
  O: ['g151']
  O: ['g2794']
  O: ['g3067']
  O: ['g1158']
  O: ['g1114']
  O: ['g177']
  O: ['g3204']
  O: ['g1174']
  O: ['g1044']
  O: ['g1541']
  O: ['g3057']
  O: ['g1196']
  O: ['g1271']
  O: ['g818']
  O: ['g602']
  O: ['g529']
  O: ['g1116']
  O: ['g2099']
  O: ['g1532']
  O: ['g1785']
  O: ['g918']
  O: ['g519']
  O: ['g1399']
  O: ['g1175']
  O: ['g623']
  O: ['g3182']
  O: ['g1546']
  O: ['g590']
  O: ['g2649']
  O: ['g1929']
  O: ['g2525']
  O: ['g1']
  O: ['g954']
  O: ['g2655']
  O: ['g1855']
  O: ['g722']
  O: ['g2129']
  O: ['g2610']
  O: ['g2563']
  O: ['g3197']
  O: ['g2040']
  O: ['g1039']
  O: ['g1423']
  O: ['g596']
  O: ['g1816']
  O: ['g985']
  O: ['g846']
  O: ['g1544']
  O: ['g1411']
  O: ['g1244']
  O: ['g534']
  O: ['g1895']
  O: ['g819']
  O: ['g2969']
  O: ['g1141']
  O: ['g1453']
  O: ['g2223']
  O: ['g2524']
  O: ['g228']
  O: ['g2782']
  O: ['g611']
  O: ['g56']
  O: ['g1985']
E-SCC (#=0):
M-SCC (#=6):
  M: ['EXTRA_R2', 'g2933']
  M: ['EXTRA_R3', 'g2950']
  M: ['EXTRA_R1', 'g2817']
  M: ['EXTRA_R0', 'g2814']
  M: ['EXTRA_R5', 'g2888']
  M: ['EXTRA_R4', 'g2883']

=== TriLock ES/EF Validation ===
{
  "PIs": 28,
  "KEY_PIs": 0,
  "POs": 106,
  "DFFs": 1642,
  "extra_inserted": 6,
  "reencoded_pairs": 6,
  "ks": 3,
  "kf": 3,
  "alpha": 0.3,
  "correct_key_FC": 0.0,
  "wrong_key_avg_FC": 0.0016666666666666668
}
Keyed locked bench written to: ./Trilock_ISCAS89//s38417_trilock_keyed.bench
