=== TriLock State Re-encoding: SCC classes AFTER re-encoding ===
O-SCC (#=0):
E-SCC (#=1):
  E: ['EXTRA_R5']
M-SCC (#=1):
  M: ['EXTRA_R0', 'EXTRA_R1', 'EXTRA_R2', 'EXTRA_R3', 'EXTRA_R4', 'G38', 'G39', 'G40', 'G41', 'G42']

=== TriLock ES/EF Validation ===
{
  "PIs": 18,
  "KEY_PIs": 0,
  "POs": 19,
  "DFFs": 11,
  "extra_inserted": 6,
  "reencoded_pairs": 5,
  "ks": 3,
  "kf": 3,
  "alpha": 0.3,
  "correct_key_FC": 0.0,
  "wrong_key_avg_FC": 0.0033333333333333335
}
Keyed locked bench written to: ./Trilock_ISCAS89//s832_trilock_keyed.bench
